266116848
347212741
149833696
633773882
734213580
263315699
70623563
223872676
578048527
325188117
44297400
909176606
754656862
211744268
846808815
839888820
210224668
714726022
210444655
250761261
646911587
901154595
614382675
472743940
994792112
729092601
635433610
389686388
921963006
580310156
9210733
523554464
131870943
484922796
691899817
881254143
474648996
428402116
383157465
239661646
885606946
101448850
787882539
927233639
604534430
242859738
487212519
161656364
255475190
276159607
