804239812
651896909
421826923
733757988
852310057
829849914
869304126
182460238
480185417
242697909
455430151
877932576
865207872
273830525
740603612
109803059
138424042
565007251
377940600
18866465
583854224
515893960
845391401
804873035
820959869
934953210
137474259
408004576
136756754
514611403
673479472
317825282
637907257
617107208
789621831
866096107
696904270
310739602
340807844
268014940
830244430
847016202
272212745
319021670
96179322
843436495
736366326
271978583
943874804
719159719
