998320276
640036978
537573687
930418833
462280305
858142803
639686087
975173644
233719833
644978147
629540948
43043989
577258324
361547537
592211005
872933666
512264495
332947864
385682330
470207145
662419694
356015013
666225358
706222566
956274705
815789299
602487411
818330108
651493051
857497922
389278058
858999310
443841124
392616629
647932989
561975785
116946686
743936989
99110836
466708466
97410517
451744421
705680380
794844525
607800659
424802218
361083803
313142588
584270297
873063327
