889464351
73855735
168346625
547012185
485689226
198426704
584989326
279589482
474421191
693111622
51930501
313708931
277773742
454957508
292462888
712844710
474665997
6686225
732331590
369464476
867688950
228028570
150464759
351693499
926762632
889581371
74211808
749080786
976480445
918870923
943967145
333971493
440731132
793182752
710980177
993001501
851243352
424761919
18249765
400432866
297404138
664985552
672008478
887577511
180632268
56992810
328231288
513280207
897728776
484988456
