6321379
103483912
660886138
416372981
860373725
982115329
155043701
200218419
91046022
182085068
22272374
791814952
105710102
51686782
416932428
21574317
789977001
552734285
120973913
101241451
939289992
1180800
837455964
945658572
573132464
587048108
710898984
978674533
564535209
544948602
948827812
884642974
636509068
926055431
303319937
822904271
486564595
152480678
386342989
29673514
203266940
469322125
664405439
545394142
348604133
471253829
5327597
438186282
34971411
830150185
