16
8 14 16 23 29 31 38 44 46 53 59 61 68 74 76 83
