38
2 8 10 22 32 34 38 41 52 58 62 76 85 95 100 103 109 115 119 125 130 139 145 149 158 161 163 167 170 173 176 188 191 199 202 212 220 224
