1
57
1
57
1
1
1
1
1
1
57
1
57
1
1
1
1
7
1
1
1
1
1
1
1
