9253
20829
128684
63800
184159
20829
10414
8550
23776
7750
27730
54121
7095
33241
14492
8134
10101
13883
46798
9253
128684
11486
16672
97187
30248
