999000
499001
333000
249001
199001
166001
142001
124001
111000
99001
90001
83001
76001
71001
66001
62001
58001
55001
52001
49001
47001
45001
43001
41001
39001
