1877
2368
347
1272
535
4148
1877
40003
9275
4148
1541
435
685
535
386
1877
1541
3106
5981
347
