1
2
17
1
2
1
1
9
8
1
2
1
1
4
16
1
3
1
1
8
1
3
1
9
1
