7016
460
391
225
2535
168
1314
1314
248
460
1018
1314
248
1781
3932
