74799
206823
6751
942
206823
904
1712
4889
904
1077
801
11562
11562
870
1623
9932
6027
13516
2499
2499
8674
2499
1940
1191
1712
