16589
36752
36752
16589
16589
8039
9356
11147
27192
6942
13439
13439
81184
16589
16589
16589
27192
52472
20916
27192
8039
16589
13439
27192
81184
