1
1
1
12
1
1
1
1
12
1
1
1
1
1
1
5
1
1
3
1
43
1
1
1
4
