580
3620
2794
425
10915
425
10915
10915
823
1083
471
1822
580
939
2236
714
19329
823
1822
714
1242
2236
4909
641
10915
