1138
1599
992
616
1599
762
4514
678
854
553
854
507
4514
507
471
1599
471
553
6812
1138
4514
854
762
2473
1973
