12399
12399
20985
12399
20985
20985
12399
12399
12399
20985
12399
20985
12399
20985
20985
12399
20985
12399
20985
20985
