5
2
2
2
4
12
1
1
6
4
1
1
1
1
8
1
2
1
1
1
2
1
1
1
1
